// Jest Snapshot v1, https://goo.gl/fbAQLP

exports[`timeline render 1`] = `
<div
  id="timeline"
>
  <div
    className="indicators"
  >
    <div
      className="waitBar"
      data-second={60}
      style={
        Object {
          "width": "101.2%",
        }
      }
    />
    <div
      className="buttons"
    >
      <button
        onClick={[Function]}
      >
        toggle
      </button>
      <button
        onClick={[Function]}
      >
        clear
      </button>
    </div>
  </div>
  <div
    id="tweets"
  />
</div>
`;
